
> frontend@0.1.0 start
> craco start

(node:38118) [DEP_WEBPACK_DEV_SERVER_ON_AFTER_SETUP_MIDDLEWARE] DeprecationWarning: 'onAfterSetupMiddleware' option is deprecated. Please use the 'setupMiddlewares' option.
(Use `node --trace-deprecation ...` to show where the warning was created)
(node:38118) [DEP_WEBPACK_DEV_SERVER_ON_BEFORE_SETUP_MIDDLEWARE] DeprecationWarning: 'onBeforeSetupMiddleware' option is deprecated. Please use the 'setupMiddlewares' option.
Starting the development server...

Compiled with warnings.

[eslint] 
src/components/layout/Header.jsx
  Line 4:10:   'Badge' is defined but never used                   no-unused-vars
  Line 13:10:  'Bell' is defined but never used                    no-unused-vars
  Line 13:45:  'Settings' is defined but never used                no-unused-vars
  Line 13:55:  'User' is defined but never used                    no-unused-vars
  Line 13:61:  'LogOut' is defined but never used                  no-unused-vars
  Line 16:9:   'notifications' is assigned a value but never used  no-unused-vars

src/components/layout/Sidebar.jsx
  Line 1:17:  'useState' is defined but never used  no-unused-vars
  Line 13:3:  'Settings' is defined but never used  no-unused-vars
  Line 19:3:  'BookOpen' is defined but never used  no-unused-vars

src/hooks/useApi.js
  Line 133:1:  Assign object to a variable before exporting as module default  import/no-anonymous-default-export

src/hooks/useDashboard.js
  Line 49:1:  Assign object to a variable before exporting as module default  import/no-anonymous-default-export

src/hooks/useOnboarding.js
  Line 127:1:  Assign object to a variable before exporting as module default  import/no-anonymous-default-export

src/hooks/usePlotTwists.js
  Line 103:1:  Assign object to a variable before exporting as module default  import/no-anonymous-default-export

src/hooks/useQuickShifts.js
  Line 213:1:  Assign object to a variable before exporting as module default  import/no-anonymous-default-export

src/hooks/useUsers.js
  Line 6:10:  'useState' is defined but never used                            no-unused-vars
  Line 6:20:  'useCallback' is defined but never used                         no-unused-vars
  Line 89:1:  Assign object to a variable before exporting as module default  import/no-anonymous-default-export

src/models/utils.js
  Line 139:1:  Assign object to a variable before exporting as module default  import/no-anonymous-default-export

src/pages/AffirmationMeditation.jsx
  Line 32:3:  'Heart' is defined but never used  no-unused-vars

src/pages/Dashboard.jsx
  Line 9:26:  'TableSkeleton' is defined but never used  no-unused-vars
  Line 20:3:  'Plus' is defined but never used           no-unused-vars
  Line 21:3:  'ExternalLink' is defined but never used   no-unused-vars
  Line 22:3:  'Clock' is defined but never used          no-unused-vars

src/pages/OnboardingManagement.jsx
  Line 33:3:   'MessageSquare' is defined but never used                     no-unused-vars
  Line 56:10:  'FullPageLoader' is defined but never used                    no-unused-vars
  Line 543:9:  'mockOnboardingQuestions' is assigned a value but never used  no-unused-vars
  Line 664:9:  'getStatusColor' is assigned a value but never used           no-unused-vars

src/pages/PlotTwists.jsx
  Line 28:3:    'DialogTrigger' is defined but never used                 no-unused-vars
  Line 33:3:    'Shuffle' is defined but never used                       no-unused-vars
  Line 35:3:    'Filter' is defined but never used                        no-unused-vars
  Line 38:3:    'Calendar' is defined but never used                      no-unused-vars
  Line 39:3:    'Users' is defined but never used                         no-unused-vars
  Line 40:3:    'BarChart3' is defined but never used                     no-unused-vars
  Line 42:3:    'Copy' is defined but never used                          no-unused-vars
  Line 44:3:    'Star' is defined but never used                          no-unused-vars
  Line 45:3:    'Target' is defined but never used                        no-unused-vars
  Line 62:10:   'FullPageLoader' is defined but never used                no-unused-vars
  Line 133:17:  'responseOptionsData' is assigned a value but never used  no-unused-vars
  Line 134:59:  'mutationLoading' is assigned a value but never used      no-unused-vars

src/pages/QuickShifts.jsx
  Line 28:3:    'DialogTrigger' is defined but never used                      no-unused-vars
  Line 33:3:    'Zap' is defined but never used                                no-unused-vars
  Line 35:3:    'Filter' is defined but never used                             no-unused-vars
  Line 37:3:    'Edit' is defined but never used                               no-unused-vars
  Line 38:3:    'Lock' is defined but never used                               no-unused-vars
  Line 39:3:    'Unlock' is defined but never used                             no-unused-vars
  Line 42:3:    'Copy' is defined but never used                               no-unused-vars
  Line 44:3:    'BarChart3' is defined but never used                          no-unused-vars
  Line 62:10:   'FullPageLoader' is defined but never used                     no-unused-vars
  Line 90:23:   'updateLoop' is assigned a value but never used                no-unused-vars
  Line 90:56:   'loopMutationLoading' is assigned a value but never used       no-unused-vars
  Line 95:11:   'createReframe' is assigned a value but never used             no-unused-vars
  Line 95:26:   'updateReframe' is assigned a value but never used             no-unused-vars
  Line 95:41:   'deleteReframe' is assigned a value but never used             no-unused-vars
  Line 95:65:   'reframeMutationLoading' is assigned a value but never used    no-unused-vars
  Line 100:11:  'createProtector' is assigned a value but never used           no-unused-vars
  Line 100:28:  'updateProtector' is assigned a value but never used           no-unused-vars
  Line 100:45:  'deleteProtector' is assigned a value but never used           no-unused-vars
  Line 100:71:  'protectorMutationLoading' is assigned a value but never used  no-unused-vars
  Line 164:9:   'mockQuickShiftLoops' is assigned a value but never used       no-unused-vars
  Line 266:9:   'handleCreateLoop' is assigned a value but never used          no-unused-vars

src/pages/UserManagement.jsx
  Line 34:3:   'DialogTrigger' is defined but never used             no-unused-vars
  Line 36:10:  'FullPageLoader' is defined but never used            no-unused-vars
  Line 37:20:  'useUser' is defined but never used                   no-unused-vars
  Line 47:24:  'setStatusFilter' is assigned a value but never used  no-unused-vars

src/services/api/dashboardService.js
  Line 49:1:  Assign instance to a variable before exporting as module default  import/no-anonymous-default-export

src/services/api/onboardingService.js
  Line 134:1:  Assign instance to a variable before exporting as module default  import/no-anonymous-default-export

src/services/api/plotTwistService.js
  Line 11:10:  'buildFilterParams' is defined but never used                     no-unused-vars
  Line 217:1:  Assign instance to a variable before exporting as module default  import/no-anonymous-default-export

src/services/api/quickShiftService.js
  Line 267:1:  Assign instance to a variable before exporting as module default  import/no-anonymous-default-export

src/services/api/templateService.js
  Line 240:1:  Assign instance to a variable before exporting as module default  import/no-anonymous-default-export

src/services/api/userService.js
  Line 252:1:  Assign instance to a variable before exporting as module default  import/no-anonymous-default-export

src/utils/apiHelpers.js
  Line 157:1:  Assign object to a variable before exporting as module default  import/no-anonymous-default-export

src/utils/dataTransformers.js
  Line 152:1:  Assign object to a variable before exporting as module default  import/no-anonymous-default-export

src/utils/queryBuilder.js
  Line 135:1:  Assign object to a variable before exporting as module default  import/no-anonymous-default-export

Search for the keywords to learn more about each warning.
To ignore, add // eslint-disable-next-line to the line before.

WARNING in [eslint] 
src/components/layout/Header.jsx
  Line 4:10:   'Badge' is defined but never used                   no-unused-vars
  Line 13:10:  'Bell' is defined but never used                    no-unused-vars
  Line 13:45:  'Settings' is defined but never used                no-unused-vars
  Line 13:55:  'User' is defined but never used                    no-unused-vars
  Line 13:61:  'LogOut' is defined but never used                  no-unused-vars
  Line 16:9:   'notifications' is assigned a value but never used  no-unused-vars

src/components/layout/Sidebar.jsx
  Line 1:17:  'useState' is defined but never used  no-unused-vars
  Line 13:3:  'Settings' is defined but never used  no-unused-vars
  Line 19:3:  'BookOpen' is defined but never used  no-unused-vars

src/hooks/useApi.js
  Line 133:1:  Assign object to a variable before exporting as module default  import/no-anonymous-default-export

src/hooks/useDashboard.js
  Line 49:1:  Assign object to a variable before exporting as module default  import/no-anonymous-default-export

src/hooks/useOnboarding.js
  Line 127:1:  Assign object to a variable before exporting as module default  import/no-anonymous-default-export

src/hooks/usePlotTwists.js
  Line 103:1:  Assign object to a variable before exporting as module default  import/no-anonymous-default-export

src/hooks/useQuickShifts.js
  Line 213:1:  Assign object to a variable before exporting as module default  import/no-anonymous-default-export

src/hooks/useUsers.js
  Line 6:10:  'useState' is defined but never used                            no-unused-vars
  Line 6:20:  'useCallback' is defined but never used                         no-unused-vars
  Line 89:1:  Assign object to a variable before exporting as module default  import/no-anonymous-default-export

src/models/utils.js
  Line 139:1:  Assign object to a variable before exporting as module default  import/no-anonymous-default-export

src/pages/AffirmationMeditation.jsx
  Line 32:3:  'Heart' is defined but never used  no-unused-vars

src/pages/Dashboard.jsx
  Line 9:26:  'TableSkeleton' is defined but never used  no-unused-vars
  Line 20:3:  'Plus' is defined but never used           no-unused-vars
  Line 21:3:  'ExternalLink' is defined but never used   no-unused-vars
  Line 22:3:  'Clock' is defined but never used          no-unused-vars

src/pages/OnboardingManagement.jsx
  Line 33:3:   'MessageSquare' is defined but never used                     no-unused-vars
  Line 56:10:  'FullPageLoader' is defined but never used                    no-unused-vars
  Line 543:9:  'mockOnboardingQuestions' is assigned a value but never used  no-unused-vars
  Line 664:9:  'getStatusColor' is assigned a value but never used           no-unused-vars

src/pages/PlotTwists.jsx
  Line 28:3:    'DialogTrigger' is defined but never used                 no-unused-vars
  Line 33:3:    'Shuffle' is defined but never used                       no-unused-vars
  Line 35:3:    'Filter' is defined but never used                        no-unused-vars
  Line 38:3:    'Calendar' is defined but never used                      no-unused-vars
  Line 39:3:    'Users' is defined but never used                         no-unused-vars
  Line 40:3:    'BarChart3' is defined but never used                     no-unused-vars
  Line 42:3:    'Copy' is defined but never used                          no-unused-vars
  Line 44:3:    'Star' is defined but never used                          no-unused-vars
  Line 45:3:    'Target' is defined but never used                        no-unused-vars
  Line 62:10:   'FullPageLoader' is defined but never used                no-unused-vars
  Line 133:17:  'responseOptionsData' is assigned a value but never used  no-unused-vars
  Line 134:59:  'mutationLoading' is assigned a value but never used      no-unused-vars

src/pages/QuickShifts.jsx
  Line 28:3:    'DialogTrigger' is defined but never used                      no-unused-vars
  Line 33:3:    'Zap' is defined but never used                                no-unused-vars
  Line 35:3:    'Filter' is defined but never used                             no-unused-vars
  Line 37:3:    'Edit' is defined but never used                               no-unused-vars
  Line 38:3:    'Lock' is defined but never used                               no-unused-vars
  Line 39:3:    'Unlock' is defined but never used                             no-unused-vars
  Line 42:3:    'Copy' is defined but never used                               no-unused-vars
  Line 44:3:    'BarChart3' is defined but never used                          no-unused-vars
  Line 62:10:   'FullPageLoader' is defined but never used                     no-unused-vars
  Line 90:23:   'updateLoop' is assigned a value but never used                no-unused-vars
  Line 90:56:   'loopMutationLoading' is assigned a value but never used       no-unused-vars
  Line 95:11:   'createReframe' is assigned a value but never used             no-unused-vars
  Line 95:26:   'updateReframe' is assigned a value but never used             no-unused-vars
  Line 95:41:   'deleteReframe' is assigned a value but never used             no-unused-vars
  Line 95:65:   'reframeMutationLoading' is assigned a value but never used    no-unused-vars
  Line 100:11:  'createProtector' is assigned a value but never used           no-unused-vars
  Line 100:28:  'updateProtector' is assigned a value but never used           no-unused-vars
  Line 100:45:  'deleteProtector' is assigned a value but never used           no-unused-vars
  Line 100:71:  'protectorMutationLoading' is assigned a value but never used  no-unused-vars
  Line 164:9:   'mockQuickShiftLoops' is assigned a value but never used       no-unused-vars
  Line 266:9:   'handleCreateLoop' is assigned a value but never used          no-unused-vars

src/pages/UserManagement.jsx
  Line 34:3:   'DialogTrigger' is defined but never used             no-unused-vars
  Line 36:10:  'FullPageLoader' is defined but never used            no-unused-vars
  Line 37:20:  'useUser' is defined but never used                   no-unused-vars
  Line 47:24:  'setStatusFilter' is assigned a value but never used  no-unused-vars

src/services/api/dashboardService.js
  Line 49:1:  Assign instance to a variable before exporting as module default  import/no-anonymous-default-export

src/services/api/onboardingService.js
  Line 134:1:  Assign instance to a variable before exporting as module default  import/no-anonymous-default-export

src/services/api/plotTwistService.js
  Line 11:10:  'buildFilterParams' is defined but never used                     no-unused-vars
  Line 217:1:  Assign instance to a variable before exporting as module default  import/no-anonymous-default-export

src/services/api/quickShiftService.js
  Line 267:1:  Assign instance to a variable before exporting as module default  import/no-anonymous-default-export

src/services/api/templateService.js
  Line 240:1:  Assign instance to a variable before exporting as module default  import/no-anonymous-default-export

src/services/api/userService.js
  Line 252:1:  Assign instance to a variable before exporting as module default  import/no-anonymous-default-export

src/utils/apiHelpers.js
  Line 157:1:  Assign object to a variable before exporting as module default  import/no-anonymous-default-export

src/utils/dataTransformers.js
  Line 152:1:  Assign object to a variable before exporting as module default  import/no-anonymous-default-export

src/utils/queryBuilder.js
  Line 135:1:  Assign object to a variable before exporting as module default  import/no-anonymous-default-export

webpack compiled with 1 warning
